ERROR:26:Class "AA" is not a base class of "BB" in the assignment
Errors detected. Exiting.
