ERROR:31:Class "BB" is not a base class of "AA" in the assignment
Errors detected. Exiting.
